// Jest Snapshot v1, https://goo.gl/fbAQLP

exports[`generateId throws an error if key is not passed 1`] = `"LogWeasel generateID requires a key argument"`;
